{
    "aws_acm_certificate.acm": [],
    "aws_api_gateway_integration.gateway": [
        "aws_acm_certificate.acm",
        "aws_lambda_function.local_zipfile",
        "aws_lambda_function.s3_zipfile"
    ],
    "aws_cloudwatch_log_group.cloudwatch": [],
    "aws_group.shared_services": [
        "aws_acm_certificate.acm",
        "aws_cloudwatch_log_group.cloudwatch"
    ],
    "aws_iam_role.this": [
        "aws_lambda_function.local_zipfile",
        "aws_lambda_function.s3_zipfile"
    ],
    "aws_lambda_function.local_zipfile": [
        "aws_cloudwatch_log_group.cloudwatch"
    ],
    "aws_lambda_function.s3_zipfile": [
        "aws_cloudwatch_log_group.cloudwatch"
    ],
    "aws_lambda_permission.this": [
        "aws_api_gateway_integration.gateway",
        "aws_cloudwatch_log_group.cloudwatch",
        "aws_lambda_function.local_zipfile",
        "aws_lambda_function.s3_zipfile"
    ],
    "aws_route53_record.route_53": [
        "aws_acm_certificate.acm",
        "aws_api_gateway_integration.gateway"
    ],
    "tv_aws_users.users": [
        "aws_route53_record.route_53"
    ]
}